<html>
<body>
<pre>
<h1>µVision Build Log</h1>
<h2>Tool Versions:</h2>
IDE-Version: ¦ÌVision V5.24.2.0
Copyright (C) 2017 ARM Ltd and ARM Germany GmbH. All rights reserved.
License Information: rui xiaoliang, nuctech, LIC=585Z9-4H5P5-WDCK8-36JU8-FG89W-6872B
 
Tool Versions:
Toolchain:       MDK-ARM Plus  Version: 5.24.1
Toolchain Path:  d:\Keil_v5\ARM\ARMCC\Bin
C Compiler:      Armcc.exe V5.06 update 5 (build 528)
Assembler:       Armasm.exe V5.06 update 5 (build 528)
Linker/Locator:  ArmLink.exe V5.06 update 5 (build 528)
Library Manager: ArmAr.exe V5.06 update 5 (build 528)
Hex Converter:   FromElf.exe V5.06 update 5 (build 528)
CPU DLL:         SARMCM3.DLL V5.24.1
Dialog DLL:      DCM.DLL V1.16.0.0
Target DLL:      UL2CM3.DLL V1.160.3.0
Dialog DLL:      TCM.DLL V1.32.0.0
 
<h2>Project:</h2>
E:\work\keil\prj_tpl_stm32f4\20170831\stm32f407.uvprojx
Project File Date:  08/31/2017

<h2>Output:</h2>
*** Using Compiler 'V5.06 update 5 (build 528)', folder: 'd:\Keil_v5\ARM\ARMCC\Bin'
Build target 'Target 1'
compiling api_msg.c...
compiling api_lib.c...
compiling netbuf.c...
compiling err.c...
compiling netdb.c...
compiling netifapi.c...
compiling tcpip.c...
compiling sockets.c...
compiling def.c...
compiling dhcp.c...
compiling dns.c...
compiling init.c...
compiling mem.c...
compiling memp.c...
compiling netif.c...
compiling tcp_echoclient.c...
compiling stm32f4xx_it.c...
compiling main.c...
compiling netconf.c...
port\netconf.c(72): warning:  #177-D: variable "iptab"  was declared but never referenced
    uint8_t iptab[4] = {0};
port\netconf.c(73): warning:  #177-D: variable "iptxt"  was declared but never referenced
    uint8_t iptxt[20];
port\netconf.c: 2 warnings, 0 errors
compiling stats.c...
compiling sys.c...
compiling stm32f4x7_eth_bsp.c...
port\stm32f4x7_eth_bsp.c(379): warning:  #177-D: variable "iptab"  was declared but never referenced
    uint8_t iptab[4] = {0};
port\stm32f4x7_eth_bsp.c(380): warning:  #177-D: variable "iptxt"  was declared but never referenced
    uint8_t iptxt[20];
port\stm32f4x7_eth_bsp.c: 2 warnings, 0 errors
compiling pbuf.c...
compiling raw.c...
compiling timers.c...
compiling tcp.c...
compiling autoip.c...
compiling icmp.c...
compiling tcp_in.c...
compiling udp.c...
compiling tcp_out.c...
Libraries\lwip-1.4.1\src\core\tcp_out.c(845): warning:  #550-D: variable "tcphdr"  was set but never used
    struct tcp_hdr *tcphdr;
Libraries\lwip-1.4.1\src\core\tcp_out.c(1367): warning:  #550-D: variable "tcphdr"  was set but never used
    struct tcp_hdr *tcphdr;
Libraries\lwip-1.4.1\src\core\tcp_out.c: 2 warnings, 0 errors
compiling inet.c...
compiling igmp.c...
compiling inet_chksum.c...
compiling ip.c...
compiling ip_addr.c...
compiling ip_frag.c...
compiling etharp.c...
compiling misc.c...
compiling stm32f4x7_eth.c...
compiling ethernetif.c...
compiling stm32f4xx_crc.c...
compiling stm32f4xx_adc.c...
compiling stm32f4xx_cec.c...
compiling stm32f4xx_can.c...
compiling stm32f4xx_cryp.c...
compiling stm32f4xx_cryp_des.c...
compiling stm32f4xx_cryp_aes.c...
compiling stm32f4xx_cryp_tdes.c...
compiling stm32f4xx_dac.c...
compiling stm32f4xx_dbgmcu.c...
compiling stm32f4xx_dcmi.c...
compiling stm32f4xx_dfsdm.c...
compiling stm32f4xx_dsi.c...
compiling stm32f4xx_dma.c...
compiling stm32f4xx_dma2d.c...
compiling stm32f4xx_exti.c...
compiling stm32f4xx_flash.c...
compiling stm32f4xx_fmpi2c.c...
compiling stm32f4xx_flash_ramfunc.c...
compiling stm32f4xx_fsmc.c...
compiling stm32f4xx_gpio.c...
compiling stm32f4xx_hash_md5.c...
compiling stm32f4xx_hash.c...
compiling stm32f4xx_iwdg.c...
compiling stm32f4xx_hash_sha1.c...
compiling stm32f4xx_i2c.c...
compiling stm32f4xx_lptim.c...
compiling stm32f4xx_ltdc.c...
compiling stm32f4xx_pwr.c...
compiling stm32f4xx_qspi.c...
compiling stm32f4xx_rcc.c...
compiling stm32f4xx_rng.c...
compiling stm32f4xx_sai.c...
compiling stm32f4xx_rtc.c...
compiling stm32f4xx_spdifrx.c...
compiling stm32f4xx_sdio.c...
assembling startup_stm32f40xx.s...
compiling stm32f4xx_spi.c...
compiling stm32f4xx_tim.c...
compiling stm32f4xx_syscfg.c...
compiling stm32f4xx_usart.c...
compiling stm32f4xx_wwdg.c...
compiling system_stm32f4xx.c...
linking...
Program Size: Code=26792 RO-data=680 RW-data=196 ZI-data=33476  
".\Objects\pt_stm32f407.axf" - 0 Error(s), 6 Warning(s).

<h2>Software Packages used:</h2>

Package Vendor: Keil
                http://www.keil.com/pack/Keil.STM32F4xx_DFP.2.11.0.pack
                Keil.STM32F4xx_DFP.2.11.0
                STMicroelectronics STM32F4 Series Device Support, Drivers and Examples

<h2>Collection of Component include folders:</h2>
  .\RTE\_Target_1
  d:\Keil_v5\ARM\PACK\Keil\STM32F4xx_DFP\2.11.0\Drivers\CMSIS\Device\ST\STM32F4xx\Include

<h2>Collection of Component Files used:</h2>
Build Time Elapsed:  00:00:21
</pre>
</body>
</html>
